[Mon Oct 20 18:41:05 CST 2025] 🟡 Iniciando ejecución de envío diario de noticias...
[Mon Oct 20 18:45:47 CST 2025] 🟡 Iniciando ejecución de envío diario de noticias...
[Mon Oct 20 18:49:58 CST 2025] ✅ Finalizó ejecución de envío diario
[Mon Oct 20 18:50:00 CST 2025] 🟡 Iniciando ejecución de envío diario de noticias...
[Mon Oct 20 18:51:06 CST 2025] ✅ Finalizó ejecución de envío diario
[Mon Oct 20 18:57:30 CST 2025] 🟡 Iniciando ejecución de envío diario de noticias...
[Mon Oct 20 18:57:42 CST 2025] ✅ Finalizó ejecución de envío diario
[Wed Oct 22 00:13:52 CST 2025] 🟡 Iniciando ejecución de envío diario de noticias...
[Wed Oct 22 00:13:53 CST 2025] ✅ Finalizó ejecución de envío diario
[Wed Oct 22 18:02:00 CST 2025] 🟡 Ruta base y antes de mkdir...
[Wed Oct 22 18:02:00 CST 2025] 🟡 Iniciando ejecución de envío diario de noticias...
[Wed Oct 22 18:03:05 CST 2025] ✅ Finalizó ejecución de envío diario
[Thu Oct 23 17:30:01 CST 2025] 🟡 Ruta base y antes de mkdir...
[Thu Oct 23 17:30:01 CST 2025] 🟡 Iniciando ejecución de envío diario de noticias...
[Thu Oct 23 17:30:36 CST 2025] ✅ Finalizó ejecución de envío diario
[Mon Oct 27 17:30:00 CST 2025] 🟡 Ruta base y antes de mkdir...
[Mon Oct 27 17:30:01 CST 2025] 🟡 Iniciando ejecución de envío diario de noticias...
[Mon Oct 27 17:30:04 CST 2025] ✅ Finalizó ejecución de envío diario
[Tue Oct 28 17:30:00 CST 2025] 🟡 Ruta base y antes de mkdir...
[Tue Oct 28 17:30:00 CST 2025] 🟡 Iniciando ejecución de envío diario de noticias...
[Tue Oct 28 17:30:37 CST 2025] ✅ Finalizó ejecución de envío diario
[Wed Oct 29 17:30:00 CST 2025] 🟡 Ruta base y antes de mkdir...
[Wed Oct 29 17:30:00 CST 2025] 🟡 Iniciando ejecución de envío diario de noticias...
[Wed Oct 29 17:30:34 CST 2025] ✅ Finalizó ejecución de envío diario
[Wed Oct 29 17:37:19 CST 2025] 🟡 Ruta base y antes de mkdir...
[Wed Oct 29 17:37:19 CST 2025] 🟡 Iniciando ejecución de envío diario de noticias...
[Wed Oct 29 17:37:29 CST 2025] ✅ Finalizó ejecución de envío diario
[Thu Oct 30 17:30:01 CST 2025] 🟡 Iniciando ejecución de envío de noticias (día 4)...
[Thu Oct 30 17:30:01 CST 2025] 🗓️ Día entre lunes y jueves → ejecutando sendDailyNews.js
[Thu Oct 30 17:30:01 CST 2025] ✅ Finalizó envío diario (departamentos)
[Thu Oct 30 17:30:01 CST 2025] 🟢 Tarea finalizada correctamente.
[Fri Oct 31 17:31:58 CST 2025] 🟡 Iniciando ejecución de envío de noticias (día 5)...
[Fri Oct 31 17:31:58 CST 2025] 🗓️ Viernes → ejecutando sendWeeklyNews.js
[Fri Oct 31 17:31:58 CST 2025] ✅ Finalizó envío semanal (temas)
[Fri Oct 31 17:31:58 CST 2025] 🟢 Tarea finalizada correctamente.
[Fri Oct 31 17:44:08 CST 2025] 🔍 Iniciando prueba de getOjoAlDato...
[Fri Oct 31 17:44:09 CST 2025] ✅ Finalizó prueba de getOjoAlDato
[Fri Oct 31 17:45:39 CST 2025] 🔍 Iniciando prueba de getOjoAlDato...
[Fri Oct 31 17:45:39 CST 2025] ✅ Finalizó prueba de getOjoAlDato
[Fri Oct 31 17:49:06 CST 2025] 🔍 Iniciando prueba de getOjoAlDato...
[Fri Oct 31 17:49:06 CST 2025] ✅ Finalizó prueba de getOjoAlDato
[Fri Oct 31 17:52:20 CST 2025] 🔍 Iniciando prueba de getOjoAlDato...
[Fri Oct 31 17:52:21 CST 2025] ✅ Finalizó prueba de getOjoAlDato
[Fri Oct 31 17:54:21 CST 2025] 🔍 Iniciando prueba de getOjoAlDato...
[Fri Oct 31 17:54:22 CST 2025] ✅ Finalizó prueba de getOjoAlDato
[Fri Oct 31 17:55:44 CST 2025] 🔍 Iniciando prueba de getOjoAlDato...
[Fri Oct 31 17:55:44 CST 2025] ✅ Finalizó prueba de getOjoAlDato
[Fri Oct 31 17:59:16 CST 2025] 🔍 Iniciando prueba de getOjoAlDato...
[Fri Oct 31 17:59:17 CST 2025] ✅ Finalizó prueba de getOjoAlDato
[Fri Oct 31 18:00:10 CST 2025] 🔍 Iniciando prueba de getOjoAlDato...
[Fri Oct 31 18:00:11 CST 2025] ✅ Finalizó prueba de getOjoAlDato
[Fri Oct 31 18:00:49 CST 2025] 🔍 Iniciando prueba de getOjoAlDato...
[Fri Oct 31 18:00:50 CST 2025] ✅ Finalizó prueba de getOjoAlDato
[Fri Oct 31 18:01:35 CST 2025] 🔍 Iniciando prueba de getOjoAlDato...
[Fri Oct 31 18:01:36 CST 2025] ✅ Finalizó prueba de getOjoAlDato
[Fri Oct 31 18:02:06 CST 2025] 🔍 Iniciando prueba de getOjoAlDato...
[Fri Oct 31 18:02:06 CST 2025] ✅ Finalizó prueba de getOjoAlDato
[Fri Oct 31 18:02:59 CST 2025] 🔍 Iniciando prueba de getOjoAlDato...
[Fri Oct 31 18:03:00 CST 2025] ✅ Finalizó prueba de getOjoAlDato
[Fri Oct 31 18:04:24 CST 2025] 🔍 Iniciando prueba de getOjoAlDato...
[Fri Oct 31 18:04:24 CST 2025] ✅ Finalizó prueba de getOjoAlDato
[Fri Oct 31 18:05:12 CST 2025] 🔍 Iniciando prueba de getOjoAlDato...
[Fri Oct 31 18:05:13 CST 2025] ✅ Finalizó prueba de getOjoAlDato
[Fri Oct 31 18:05:52 CST 2025] 🔍 Iniciando prueba de getOjoAlDato...
[Fri Oct 31 18:05:53 CST 2025] ✅ Finalizó prueba de getOjoAlDato
[Mon Nov  3 23:36:07 UTC 2025] 🟡 Iniciando ejecución de envío de noticias (día 1)...
[Mon Nov  3 23:36:07 UTC 2025] 🗓️ Día entre lunes y jueves → ejecutando sendDailyNews.js
[Mon Nov  3 23:36:07 UTC 2025] ✅ Finalizó envío diario (departamentos)
[Mon Nov  3 23:36:07 UTC 2025] 🟢 Tarea finalizada correctamente.
[Tue Nov  4 23:30:01 UTC 2025] 🟡 Iniciando ejecución de envío de noticias (día 2)...
[Tue Nov  4 23:30:01 UTC 2025] 🗓️ Día entre lunes y jueves → ejecutando sendDailyNews.js
[Tue Nov  4 23:30:01 UTC 2025] ✅ Finalizó envío diario (departamentos)
[Tue Nov  4 23:30:01 UTC 2025] 🟢 Tarea finalizada correctamente.
[Tue Nov  4 23:37:44 UTC 2025] 🟡 Iniciando ejecución de envío de noticias (día 2)...
[Tue Nov  4 23:37:44 UTC 2025] 🗓️ Día entre lunes y jueves → ejecutando sendDailyNews.js
[Tue Nov  4 23:37:44 UTC 2025] ✅ Finalizó envío diario (departamentos)
[Tue Nov  4 23:37:44 UTC 2025] 🟢 Tarea finalizada correctamente.
[Wed Nov  5 23:30:01 UTC 2025] 🟡 Iniciando ejecución de envío de noticias (día 3)...
[Wed Nov  5 23:30:01 UTC 2025] 🗓️ Día entre lunes y jueves → ejecutando sendDailyNews.js
[Wed Nov  5 23:30:01 UTC 2025] ✅ Finalizó envío diario (departamentos)
[Wed Nov  5 23:30:01 UTC 2025] 🟢 Tarea finalizada correctamente.
[Tue Nov 11 23:30:01 UTC 2025] 🟡 Iniciando ejecución de envío de noticias (día 2)...
[Tue Nov 11 23:30:01 UTC 2025] 🗓️ Día entre lunes y jueves → ejecutando sendDailyNews.js
[Tue Nov 11 23:30:01 UTC 2025] ✅ Finalizó envío diario (departamentos)
[Tue Nov 11 23:30:01 UTC 2025] 🟢 Tarea finalizada correctamente.
[Tue Nov 11 23:32:10 UTC 2025] 🟡 Iniciando ejecución de envío de noticias (día 2)...
[Tue Nov 11 23:32:10 UTC 2025] 🗓️ Día entre lunes y jueves → ejecutando sendDailyNews.js
[Tue Nov 11 23:32:10 UTC 2025] ✅ Finalizó envío diario (departamentos)
[Tue Nov 11 23:32:10 UTC 2025] 🟢 Tarea finalizada correctamente.
[Tue Nov 11 23:37:03 UTC 2025] 🟡 Iniciando ejecución de envío de noticias (día 2)...
[Tue Nov 11 23:37:03 UTC 2025] 🗓️ Día entre lunes y jueves → ejecutando sendDailyNews.js
[Tue Nov 11 23:37:03 UTC 2025] ✅ Finalizó envío diario (departamentos)
[Tue Nov 11 23:37:03 UTC 2025] 🟢 Tarea finalizada correctamente.
[Wed Nov 12 17:30:01 CST 2025] 🟡 Iniciando ejecución de envío de noticias (día 3)...
[Wed Nov 12 17:30:01 CST 2025] 🗓️ Día entre lunes y jueves → ejecutando sendDailyNews.js
[Wed Nov 12 17:30:01 CST 2025] ✅ Finalizó envío diario (departamentos)
[Wed Nov 12 17:30:01 CST 2025] 🟢 Tarea finalizada correctamente.
[Thu Nov 13 17:30:01 CST 2025] 🟡 Iniciando ejecución de envío de noticias (día 4)...
[Thu Nov 13 17:30:01 CST 2025] 🗓️ Día entre lunes y jueves → ejecutando sendDailyNews.js
[Thu Nov 13 17:30:01 CST 2025] ✅ Finalizó envío diario (departamentos)
[Thu Nov 13 17:30:01 CST 2025] 🟢 Tarea finalizada correctamente.
[Fri Nov 14 17:30:01 CST 2025] 🟡 Iniciando ejecución de envío de noticias (día 5)...
[Fri Nov 14 17:30:01 CST 2025] 🗓️ Viernes → ejecutando sendWeeklyNews.js
[Fri Nov 14 17:30:01 CST 2025] ✅ Finalizó envío semanal (temas)
[Fri Nov 14 17:30:01 CST 2025] 🟢 Tarea finalizada correctamente.
[Mon Nov 17 17:30:02 CST 2025] 🟡 Iniciando ejecución de envío de noticias (día 1)...
[Mon Nov 17 17:30:02 CST 2025] 🗓️ Día entre lunes y jueves → ejecutando sendDailyNews.js
[Mon Nov 17 17:30:02 CST 2025] ✅ Finalizó envío diario (departamentos)
[Mon Nov 17 17:30:02 CST 2025] 🟢 Tarea finalizada correctamente.
[Tue Nov 18 17:30:01 CST 2025] 🟡 Iniciando ejecución de envío de noticias (día 2)...
[Tue Nov 18 17:30:01 CST 2025] 🗓️ Día entre lunes y jueves → ejecutando sendDailyNews.js
[Tue Nov 18 17:30:01 CST 2025] ✅ Finalizó envío diario (departamentos)
[Tue Nov 18 17:30:01 CST 2025] 🟢 Tarea finalizada correctamente.
[Wed Nov 19 17:30:01 CST 2025] 🟡 Iniciando ejecución de envío de noticias (día 3)...
[Wed Nov 19 17:30:01 CST 2025] 🗓️ Día entre lunes y jueves → ejecutando sendDailyNews.js
[Wed Nov 19 17:30:01 CST 2025] ✅ Finalizó envío diario (departamentos)
[Wed Nov 19 17:30:01 CST 2025] 🟢 Tarea finalizada correctamente.
[Thu Nov 20 17:30:02 CST 2025] 🟡 Iniciando ejecución de envío de noticias (día 4)...
[Thu Nov 20 17:30:02 CST 2025] 🗓️ Día entre lunes y jueves → ejecutando sendDailyNews.js
[Thu Nov 20 17:30:02 CST 2025] ✅ Finalizó envío diario (departamentos)
[Thu Nov 20 17:30:02 CST 2025] 🟢 Tarea finalizada correctamente.
[Fri Nov 21 17:30:01 CST 2025] 🟡 Iniciando ejecución de envío de noticias (día 5)...
[Fri Nov 21 17:30:01 CST 2025] 🗓️ Viernes → ejecutando sendWeeklyNews.js
[Fri Nov 21 17:30:01 CST 2025] ✅ Finalizó envío semanal (temas)
[Fri Nov 21 17:30:01 CST 2025] 🟢 Tarea finalizada correctamente.
[Mon Nov 24 17:30:01 CST 2025] 🟡 Iniciando ejecución de envío de noticias (día 1)...
[Mon Nov 24 17:30:01 CST 2025] 🗓️ Día entre lunes y jueves → ejecutando sendDailyNews.js
[Mon Nov 24 17:30:01 CST 2025] ✅ Finalizó envío diario (departamentos)
[Mon Nov 24 17:30:01 CST 2025] 🟢 Tarea finalizada correctamente.
[Tue Nov 25 17:30:02 CST 2025] 🟡 Iniciando ejecución de envío de noticias (día 2)...
[Tue Nov 25 17:30:02 CST 2025] 🗓️ Día entre lunes y jueves → ejecutando sendDailyNews.js
[Tue Nov 25 17:30:02 CST 2025] ✅ Finalizó envío diario (departamentos)
[Tue Nov 25 17:30:02 CST 2025] 🟢 Tarea finalizada correctamente.
[Wed Nov 26 17:30:01 CST 2025] 🟡 Iniciando ejecución de envío de noticias (día 3)...
[Wed Nov 26 17:30:01 CST 2025] 🗓️ Día entre lunes y jueves → ejecutando sendDailyNews.js
[Wed Nov 26 17:30:01 CST 2025] ✅ Finalizó envío diario (departamentos)
[Wed Nov 26 17:30:01 CST 2025] 🟢 Tarea finalizada correctamente.
[Thu Nov 27 17:30:01 CST 2025] 🟡 Iniciando ejecución de envío de noticias (día 4)...
[Thu Nov 27 17:30:01 CST 2025] 🗓️ Día entre lunes y jueves → ejecutando sendDailyNews.js
[Thu Nov 27 17:30:01 CST 2025] ✅ Finalizó envío diario (departamentos)
[Thu Nov 27 17:30:01 CST 2025] 🟢 Tarea finalizada correctamente.
[Fri Nov 28 17:30:02 CST 2025] 🟡 Iniciando ejecución de envío de noticias (día 5)...
[Fri Nov 28 17:30:02 CST 2025] 🗓️ Viernes → ejecutando sendWeeklyNews.js
[Fri Nov 28 17:30:02 CST 2025] ✅ Finalizó envío semanal (temas)
[Fri Nov 28 17:30:02 CST 2025] 🟢 Tarea finalizada correctamente.
[Mon Dec  1 17:30:01 CST 2025] 🟡 Iniciando ejecución de envío de noticias (día 1)...
[Mon Dec  1 17:30:01 CST 2025] 🗓️ Día entre lunes y jueves → ejecutando sendDailyNews.js
[Mon Dec  1 17:30:01 CST 2025] ✅ Finalizó envío diario (departamentos)
[Mon Dec  1 17:30:01 CST 2025] 🟢 Tarea finalizada correctamente.
[Tue Dec  2 17:30:01 CST 2025] 🟡 Iniciando ejecución de envío de noticias (día 2)...
[Tue Dec  2 17:30:01 CST 2025] 🗓️ Día entre lunes y jueves → ejecutando sendDailyNews.js
[Tue Dec  2 17:30:01 CST 2025] ✅ Finalizó envío diario (departamentos)
[Tue Dec  2 17:30:01 CST 2025] 🟢 Tarea finalizada correctamente.
[Wed Dec  3 17:30:01 CST 2025] 🟡 Iniciando ejecución de envío de noticias (día 3)...
[Wed Dec  3 17:30:01 CST 2025] 🗓️ Día entre lunes y jueves → ejecutando sendDailyNews.js
[Wed Dec  3 17:30:01 CST 2025] ✅ Finalizó envío diario (departamentos)
[Wed Dec  3 17:30:01 CST 2025] 🟢 Tarea finalizada correctamente.
[Thu Dec  4 17:30:01 CST 2025] 🟡 Iniciando ejecución de envío de noticias (día 4)...
[Thu Dec  4 17:30:01 CST 2025] 🗓️ Día entre lunes y jueves → ejecutando sendDailyNews.js
[Thu Dec  4 17:30:01 CST 2025] ✅ Finalizó envío diario (departamentos)
[Thu Dec  4 17:30:01 CST 2025] 🟢 Tarea finalizada correctamente.
[Fri Dec  5 17:30:01 CST 2025] 🟡 Iniciando ejecución de envío de noticias (día 5)...
[Fri Dec  5 17:30:01 CST 2025] 🗓️ Viernes → ejecutando sendWeeklyNews.js
[Fri Dec  5 17:30:01 CST 2025] ✅ Finalizó envío semanal (temas)
[Fri Dec  5 17:30:01 CST 2025] 🟢 Tarea finalizada correctamente.
[Mon Dec  8 17:30:01 CST 2025] 🟡 Iniciando ejecución de envío de noticias (día 1)...
[Mon Dec  8 17:30:01 CST 2025] 🗓️ Día entre lunes y jueves → ejecutando sendDailyNews.js
[Mon Dec  8 17:30:01 CST 2025] ✅ Finalizó envío diario (departamentos)
[Mon Dec  8 17:30:01 CST 2025] 🟢 Tarea finalizada correctamente.
[Tue Dec  9 17:30:01 CST 2025] 🟡 Iniciando ejecución de envío de noticias (día 2)...
[Tue Dec  9 17:30:01 CST 2025] 🗓️ Día entre lunes y jueves → ejecutando sendDailyNews.js
[Tue Dec  9 17:30:01 CST 2025] ✅ Finalizó envío diario (departamentos)
[Tue Dec  9 17:30:01 CST 2025] 🟢 Tarea finalizada correctamente.
[Wed Dec 10 17:30:01 CST 2025] 🟡 Iniciando ejecución de envío de noticias (día 3)...
[Wed Dec 10 17:30:01 CST 2025] 🗓️ Día entre lunes y jueves → ejecutando sendDailyNews.js
[Wed Dec 10 17:30:01 CST 2025] ✅ Finalizó envío diario (departamentos)
[Wed Dec 10 17:30:01 CST 2025] 🟢 Tarea finalizada correctamente.
[Thu Dec 11 17:30:01 CST 2025] 🟡 Iniciando ejecución de envío de noticias (día 4)...
[Thu Dec 11 17:30:01 CST 2025] 🗓️ Día entre lunes y jueves → ejecutando sendDailyNews.js
[Thu Dec 11 17:30:01 CST 2025] ✅ Finalizó envío diario (departamentos)
[Thu Dec 11 17:30:01 CST 2025] 🟢 Tarea finalizada correctamente.
[Fri Dec 12 17:30:01 CST 2025] 🟡 Iniciando ejecución de envío de noticias (día 5)...
[Fri Dec 12 17:30:01 CST 2025] 🗓️ Viernes → ejecutando sendWeeklyNews.js
[Fri Dec 12 17:30:01 CST 2025] ✅ Finalizó envío semanal (temas)
[Fri Dec 12 17:30:01 CST 2025] 🟢 Tarea finalizada correctamente.
[Mon Dec 15 17:30:01 CST 2025] 🟡 Iniciando ejecución de envío de noticias (día 1)...
[Mon Dec 15 17:30:01 CST 2025] 🗓️ Día entre lunes y jueves → ejecutando sendDailyNews.js
[Mon Dec 15 17:30:01 CST 2025] ✅ Finalizó envío diario (departamentos)
[Mon Dec 15 17:30:01 CST 2025] 🟢 Tarea finalizada correctamente.
[Tue Dec 16 17:30:01 CST 2025] 🟡 Iniciando ejecución de envío de noticias (día 2)...
[Tue Dec 16 17:30:01 CST 2025] 🗓️ Día entre lunes y jueves → ejecutando sendDailyNews.js
[Tue Dec 16 17:30:01 CST 2025] ✅ Finalizó envío diario (departamentos)
[Tue Dec 16 17:30:01 CST 2025] 🟢 Tarea finalizada correctamente.
[Wed Dec 17 17:30:01 CST 2025] 🟡 Iniciando ejecución de envío de noticias (día 3)...
[Wed Dec 17 17:30:01 CST 2025] 🗓️ Día entre lunes y jueves → ejecutando sendDailyNews.js
[Wed Dec 17 17:30:01 CST 2025] ✅ Finalizó envío diario (departamentos)
[Wed Dec 17 17:30:01 CST 2025] 🟢 Tarea finalizada correctamente.
[Thu Dec 18 17:30:01 CST 2025] 🟡 Iniciando ejecución de envío de noticias (día 4)...
[Thu Dec 18 17:30:01 CST 2025] 🗓️ Día entre lunes y jueves → ejecutando sendDailyNews.js
[Thu Dec 18 17:30:01 CST 2025] ✅ Finalizó envío diario (departamentos)
[Thu Dec 18 17:30:01 CST 2025] 🟢 Tarea finalizada correctamente.
[Fri Dec 19 17:30:01 CST 2025] 🟡 Iniciando ejecución de envío de noticias (día 5)...
[Fri Dec 19 17:30:01 CST 2025] 🗓️ Viernes → ejecutando sendWeeklyNews.js
[Fri Dec 19 17:30:01 CST 2025] ✅ Finalizó envío semanal (temas)
[Fri Dec 19 17:30:01 CST 2025] 🟢 Tarea finalizada correctamente.
[Mon Dec 22 17:30:01 CST 2025] 🟡 Iniciando ejecución de envío de noticias (día 1)...
[Mon Dec 22 17:30:01 CST 2025] 🗓️ Día entre lunes y jueves → ejecutando sendDailyNews.js
[Mon Dec 22 17:30:01 CST 2025] ✅ Finalizó envío diario (departamentos)
[Mon Dec 22 17:30:01 CST 2025] 🟢 Tarea finalizada correctamente.
[Tue Dec 23 17:30:01 CST 2025] 🟡 Iniciando ejecución de envío de noticias (día 2)...
[Tue Dec 23 17:30:01 CST 2025] 🗓️ Día entre lunes y jueves → ejecutando sendDailyNews.js
[Tue Dec 23 17:30:01 CST 2025] ✅ Finalizó envío diario (departamentos)
[Tue Dec 23 17:30:01 CST 2025] 🟢 Tarea finalizada correctamente.
[Wed Dec 24 17:30:01 CST 2025] 🟡 Iniciando ejecución de envío de noticias (día 3)...
[Wed Dec 24 17:30:01 CST 2025] 🗓️ Día entre lunes y jueves → ejecutando sendDailyNews.js
[Wed Dec 24 17:30:01 CST 2025] ✅ Finalizó envío diario (departamentos)
[Wed Dec 24 17:30:01 CST 2025] 🟢 Tarea finalizada correctamente.
[Thu Dec 25 17:30:01 CST 2025] 🟡 Iniciando ejecución de envío de noticias (día 4)...
[Thu Dec 25 17:30:01 CST 2025] 🗓️ Día entre lunes y jueves → ejecutando sendDailyNews.js
[Thu Dec 25 17:30:01 CST 2025] ✅ Finalizó envío diario (departamentos)
[Thu Dec 25 17:30:01 CST 2025] 🟢 Tarea finalizada correctamente.
[Fri Dec 26 17:30:01 CST 2025] 🟡 Iniciando ejecución de envío de noticias (día 5)...
[Fri Dec 26 17:30:01 CST 2025] 🗓️ Viernes → ejecutando sendWeeklyNews.js
[Fri Dec 26 17:30:01 CST 2025] ✅ Finalizó envío semanal (temas)
[Fri Dec 26 17:30:01 CST 2025] 🟢 Tarea finalizada correctamente.
[Mon Dec 29 17:30:01 CST 2025] 🟡 Iniciando ejecución de envío de noticias (día 1)...
[Mon Dec 29 17:30:01 CST 2025] 🗓️ Día entre lunes y jueves → ejecutando sendDailyNews.js
[Mon Dec 29 17:30:01 CST 2025] ✅ Finalizó envío diario (departamentos)
[Mon Dec 29 17:30:01 CST 2025] 🟢 Tarea finalizada correctamente.
[Tue Dec 30 17:30:01 CST 2025] 🟡 Iniciando ejecución de envío de noticias (día 2)...
[Tue Dec 30 17:30:01 CST 2025] 🗓️ Día entre lunes y jueves → ejecutando sendDailyNews.js
[Tue Dec 30 17:30:01 CST 2025] ✅ Finalizó envío diario (departamentos)
[Tue Dec 30 17:30:01 CST 2025] 🟢 Tarea finalizada correctamente.
[Wed Dec 31 17:30:01 CST 2025] 🟡 Iniciando ejecución de envío de noticias (día 3)...
[Wed Dec 31 17:30:01 CST 2025] 🗓️ Día entre lunes y jueves → ejecutando sendDailyNews.js
[Wed Dec 31 17:30:01 CST 2025] ✅ Finalizó envío diario (departamentos)
[Wed Dec 31 17:30:01 CST 2025] 🟢 Tarea finalizada correctamente.
[Thu Jan  1 17:30:01 CST 2026] 🟡 Iniciando ejecución de envío de noticias (día 4)...
[Thu Jan  1 17:30:01 CST 2026] 🗓️ Día entre lunes y jueves → ejecutando sendDailyNews.js
[Thu Jan  1 17:30:01 CST 2026] ✅ Finalizó envío diario (departamentos)
[Thu Jan  1 17:30:01 CST 2026] 🟢 Tarea finalizada correctamente.
[Fri Jan  2 17:30:01 CST 2026] 🟡 Iniciando ejecución de envío de noticias (día 5)...
[Fri Jan  2 17:30:01 CST 2026] 🗓️ Viernes → ejecutando sendWeeklyNews.js
[Fri Jan  2 17:30:01 CST 2026] ✅ Finalizó envío semanal (temas)
[Fri Jan  2 17:30:01 CST 2026] 🟢 Tarea finalizada correctamente.
[Mon Jan  5 17:30:01 CST 2026] 🟡 Iniciando ejecución de envío de noticias (día 1)...
[Mon Jan  5 17:30:01 CST 2026] 🗓️ Día entre lunes y jueves → ejecutando sendDailyNews.js
[Mon Jan  5 17:30:01 CST 2026] ✅ Finalizó envío diario (departamentos)
[Mon Jan  5 17:30:01 CST 2026] 🟢 Tarea finalizada correctamente.
[Tue Jan  6 17:30:01 CST 2026] 🟡 Iniciando ejecución de envío de noticias (día 2)...
[Tue Jan  6 17:30:01 CST 2026] 🗓️ Día entre lunes y jueves → ejecutando sendDailyNews.js
[Tue Jan  6 17:30:01 CST 2026] ✅ Finalizó envío diario (departamentos)
[Tue Jan  6 17:30:01 CST 2026] 🟢 Tarea finalizada correctamente.
[Wed Jan  7 17:30:01 CST 2026] 🟡 Iniciando ejecución de envío de noticias (día 3)...
[Wed Jan  7 17:30:01 CST 2026] 🗓️ Día entre lunes y jueves → ejecutando sendDailyNews.js
[Wed Jan  7 17:30:01 CST 2026] ✅ Finalizó envío diario (departamentos)
[Wed Jan  7 17:30:01 CST 2026] 🟢 Tarea finalizada correctamente.
[Thu Jan  8 17:30:01 CST 2026] 🟡 Iniciando ejecución de envío de noticias (día 4)...
[Thu Jan  8 17:30:01 CST 2026] 🗓️ Día entre lunes y jueves → ejecutando sendDailyNews.js
[Thu Jan  8 17:30:01 CST 2026] ✅ Finalizó envío diario (departamentos)
[Thu Jan  8 17:30:01 CST 2026] 🟢 Tarea finalizada correctamente.
[Fri Jan  9 17:30:01 CST 2026] 🟡 Iniciando ejecución de envío de noticias (día 5)...
[Fri Jan  9 17:30:01 CST 2026] 🗓️ Viernes → ejecutando sendWeeklyNews.js
[Fri Jan  9 17:30:01 CST 2026] ✅ Finalizó envío semanal (temas)
[Fri Jan  9 17:30:01 CST 2026] 🟢 Tarea finalizada correctamente.
[Mon Jan 12 17:30:01 CST 2026] 🟡 Iniciando ejecución de envío de noticias (día 1)...
[Mon Jan 12 17:30:01 CST 2026] 🗓️ Día entre lunes y jueves → ejecutando sendDailyNews.js
[Mon Jan 12 17:30:01 CST 2026] ✅ Finalizó envío diario (departamentos)
[Mon Jan 12 17:30:01 CST 2026] 🟢 Tarea finalizada correctamente.
[Tue Jan 13 17:30:01 CST 2026] 🟡 Iniciando ejecución de envío de noticias (día 2)...
[Tue Jan 13 17:30:01 CST 2026] 🗓️ Día entre lunes y jueves → ejecutando sendDailyNews.js
[Tue Jan 13 17:30:01 CST 2026] ✅ Finalizó envío diario (departamentos)
[Tue Jan 13 17:30:01 CST 2026] 🟢 Tarea finalizada correctamente.
[Wed Jan 14 17:30:01 CST 2026] 🟡 Iniciando ejecución de envío de noticias (día 3)...
[Wed Jan 14 17:30:01 CST 2026] 🗓️ Día entre lunes y jueves → ejecutando sendDailyNews.js
[Wed Jan 14 17:30:01 CST 2026] ✅ Finalizó envío diario (departamentos)
[Wed Jan 14 17:30:01 CST 2026] 🟢 Tarea finalizada correctamente.
[Thu Jan 15 17:30:01 CST 2026] 🟡 Iniciando ejecución de envío de noticias (día 4)...
[Thu Jan 15 17:30:01 CST 2026] 🗓️ Día entre lunes y jueves → ejecutando sendDailyNews.js
[Thu Jan 15 17:30:01 CST 2026] ✅ Finalizó envío diario (departamentos)
[Thu Jan 15 17:30:01 CST 2026] 🟢 Tarea finalizada correctamente.
[Fri Jan 16 17:30:01 CST 2026] 🟡 Iniciando ejecución de envío de noticias (día 5)...
[Fri Jan 16 17:30:01 CST 2026] 🗓️ Viernes → ejecutando sendWeeklyNews.js
[Fri Jan 16 17:30:01 CST 2026] ✅ Finalizó envío semanal (temas)
[Fri Jan 16 17:30:01 CST 2026] 🟢 Tarea finalizada correctamente.
[Mon Jan 19 17:30:01 CST 2026] 🟡 Iniciando ejecución de envío de noticias (día 1)...
[Mon Jan 19 17:30:01 CST 2026] 🗓️ Día entre lunes y jueves → ejecutando sendDailyNews.js
[Mon Jan 19 17:30:01 CST 2026] ✅ Finalizó envío diario (departamentos)
[Mon Jan 19 17:30:01 CST 2026] 🟢 Tarea finalizada correctamente.
[Tue Jan 20 17:30:01 CST 2026] 🟡 Iniciando ejecución de envío de noticias (día 2)...
[Tue Jan 20 17:30:01 CST 2026] 🗓️ Día entre lunes y jueves → ejecutando sendDailyNews.js
[Tue Jan 20 17:30:01 CST 2026] ✅ Finalizó envío diario (departamentos)
[Tue Jan 20 17:30:01 CST 2026] 🟢 Tarea finalizada correctamente.
[Wed Jan 21 17:30:01 CST 2026] 🟡 Iniciando ejecución de envío de noticias (día 3)...
[Wed Jan 21 17:30:01 CST 2026] 🗓️ Día entre lunes y jueves → ejecutando sendDailyNews.js
[Wed Jan 21 17:30:01 CST 2026] ✅ Finalizó envío diario (departamentos)
[Wed Jan 21 17:30:01 CST 2026] 🟢 Tarea finalizada correctamente.
[Thu Jan 22 17:30:01 CST 2026] 🟡 Iniciando ejecución de envío de noticias (día 4)...
[Thu Jan 22 17:30:01 CST 2026] 🗓️ Día entre lunes y jueves → ejecutando sendDailyNews.js
[Thu Jan 22 17:30:01 CST 2026] ✅ Finalizó envío diario (departamentos)
[Thu Jan 22 17:30:01 CST 2026] 🟢 Tarea finalizada correctamente.
[Fri Jan 23 17:30:01 CST 2026] 🟡 Iniciando ejecución de envío de noticias (día 5)...
[Fri Jan 23 17:30:01 CST 2026] 🗓️ Viernes → ejecutando sendWeeklyNews.js
[Fri Jan 23 17:30:01 CST 2026] ✅ Finalizó envío semanal (temas)
[Fri Jan 23 17:30:01 CST 2026] 🟢 Tarea finalizada correctamente.
[Mon Jan 26 17:30:02 CST 2026] 🟡 Iniciando ejecución de envío de noticias (día 1)...
[Mon Jan 26 17:30:02 CST 2026] 🗓️ Día entre lunes y jueves → ejecutando sendDailyNews.js
[Mon Jan 26 17:30:02 CST 2026] ✅ Finalizó envío diario (departamentos)
[Mon Jan 26 17:30:02 CST 2026] 🟢 Tarea finalizada correctamente.
[Tue Jan 27 17:30:01 CST 2026] 🟡 Iniciando ejecución de envío de noticias (día 2)...
[Tue Jan 27 17:30:01 CST 2026] 🗓️ Día entre lunes y jueves → ejecutando sendDailyNews.js
[Tue Jan 27 17:30:01 CST 2026] ✅ Finalizó envío diario (departamentos)
[Tue Jan 27 17:30:01 CST 2026] 🟢 Tarea finalizada correctamente.
[Wed Jan 28 17:30:01 CST 2026] 🟡 Iniciando ejecución de envío de noticias (día 3)...
[Wed Jan 28 17:30:01 CST 2026] 🗓️ Día entre lunes y jueves → ejecutando sendDailyNews.js
[Wed Jan 28 17:30:01 CST 2026] ✅ Finalizó envío diario (departamentos)
[Wed Jan 28 17:30:01 CST 2026] 🟢 Tarea finalizada correctamente.
[Thu Jan 29 17:30:01 CST 2026] 🟡 Iniciando ejecución de envío de noticias (día 4)...
[Thu Jan 29 17:30:01 CST 2026] 🗓️ Día entre lunes y jueves → ejecutando sendDailyNews.js
[Thu Jan 29 17:30:01 CST 2026] ✅ Finalizó envío diario (departamentos)
[Thu Jan 29 17:30:01 CST 2026] 🟢 Tarea finalizada correctamente.
[Fri Jan 30 17:30:01 CST 2026] 🟡 Iniciando ejecución de envío de noticias (día 5)...
[Fri Jan 30 17:30:01 CST 2026] 🗓️ Viernes → ejecutando sendWeeklyNews.js
[Fri Jan 30 17:30:01 CST 2026] ✅ Finalizó envío semanal (temas)
[Fri Jan 30 17:30:01 CST 2026] 🟢 Tarea finalizada correctamente.
[Mon Feb  2 17:30:01 CST 2026] 🟡 Iniciando ejecución de envío de noticias (día 1)...
[Mon Feb  2 17:30:01 CST 2026] 🗓️ Día entre lunes y jueves → ejecutando sendDailyNews.js
[Mon Feb  2 17:30:01 CST 2026] ✅ Finalizó envío diario (departamentos)
[Mon Feb  2 17:30:01 CST 2026] 🟢 Tarea finalizada correctamente.
[Tue Feb  3 17:30:01 CST 2026] 🟡 Iniciando ejecución de envío de noticias (día 2)...
[Tue Feb  3 17:30:01 CST 2026] 🗓️ Día entre lunes y jueves → ejecutando sendDailyNews.js
[Tue Feb  3 17:30:01 CST 2026] ✅ Finalizó envío diario (departamentos)
[Tue Feb  3 17:30:01 CST 2026] 🟢 Tarea finalizada correctamente.
[Wed Feb  4 17:30:01 CST 2026] 🟡 Iniciando ejecución de envío de noticias (día 3)...
[Wed Feb  4 17:30:01 CST 2026] 🗓️ Día entre lunes y jueves → ejecutando sendDailyNews.js
[Wed Feb  4 17:30:01 CST 2026] ✅ Finalizó envío diario (departamentos)
[Wed Feb  4 17:30:01 CST 2026] 🟢 Tarea finalizada correctamente.
[Thu Feb  5 17:30:01 CST 2026] 🟡 Iniciando ejecución de envío de noticias (día 4)...
[Thu Feb  5 17:30:01 CST 2026] 🗓️ Día entre lunes y jueves → ejecutando sendDailyNews.js
[Thu Feb  5 17:30:01 CST 2026] ✅ Finalizó envío diario (departamentos)
[Thu Feb  5 17:30:01 CST 2026] 🟢 Tarea finalizada correctamente.
[Fri Feb  6 17:30:01 CST 2026] 🟡 Iniciando ejecución de envío de noticias (día 5)...
[Fri Feb  6 17:30:01 CST 2026] 🗓️ Viernes → ejecutando sendWeeklyNews.js
[Fri Feb  6 17:30:01 CST 2026] ✅ Finalizó envío semanal (temas)
[Fri Feb  6 17:30:01 CST 2026] 🟢 Tarea finalizada correctamente.
[Mon Feb  9 17:30:01 CST 2026] 🟡 Iniciando ejecución de envío de noticias (día 1)...
[Mon Feb  9 17:30:01 CST 2026] 🗓️ Día entre lunes y jueves → ejecutando sendDailyNews.js
[Mon Feb  9 17:30:01 CST 2026] ✅ Finalizó envío diario (departamentos)
[Mon Feb  9 17:30:01 CST 2026] 🟢 Tarea finalizada correctamente.
[Tue Feb 10 17:30:01 CST 2026] 🟡 Iniciando ejecución de envío de noticias (día 2)...
[Tue Feb 10 17:30:01 CST 2026] 🗓️ Día entre lunes y jueves → ejecutando sendDailyNews.js
[Tue Feb 10 17:30:01 CST 2026] ✅ Finalizó envío diario (departamentos)
[Tue Feb 10 17:30:01 CST 2026] 🟢 Tarea finalizada correctamente.
[Wed Feb 11 17:30:01 CST 2026] 🟡 Iniciando ejecución de envío de noticias (día 3)...
[Wed Feb 11 17:30:01 CST 2026] 🗓️ Día entre lunes y jueves → ejecutando sendDailyNews.js
[Wed Feb 11 17:30:01 CST 2026] ✅ Finalizó envío diario (departamentos)
[Wed Feb 11 17:30:01 CST 2026] 🟢 Tarea finalizada correctamente.
[Thu Feb 12 17:30:01 CST 2026] 🟡 Iniciando ejecución de envío de noticias (día 4)...
[Thu Feb 12 17:30:01 CST 2026] 🗓️ Día entre lunes y jueves → ejecutando sendDailyNews.js
[Thu Feb 12 17:30:01 CST 2026] ✅ Finalizó envío diario (departamentos)
[Thu Feb 12 17:30:01 CST 2026] 🟢 Tarea finalizada correctamente.
[Fri Feb 13 17:30:01 CST 2026] 🟡 Iniciando ejecución de envío de noticias (día 5)...
[Fri Feb 13 17:30:01 CST 2026] 🗓️ Viernes → ejecutando sendWeeklyNews.js
[Fri Feb 13 17:30:01 CST 2026] ✅ Finalizó envío semanal (temas)
[Fri Feb 13 17:30:01 CST 2026] 🟢 Tarea finalizada correctamente.
[Mon Feb 16 17:30:01 CST 2026] 🟡 Iniciando ejecución de envío de noticias (día 1)...
[Mon Feb 16 17:30:01 CST 2026] 🗓️ Día entre lunes y jueves → ejecutando sendDailyNews.js
[Mon Feb 16 17:30:01 CST 2026] ✅ Finalizó envío diario (departamentos)
[Mon Feb 16 17:30:01 CST 2026] 🟢 Tarea finalizada correctamente.
[Tue Feb 17 17:30:01 CST 2026] 🟡 Iniciando ejecución de envío de noticias (día 2)...
[Tue Feb 17 17:30:01 CST 2026] 🗓️ Día entre lunes y jueves → ejecutando sendDailyNews.js
[Tue Feb 17 17:30:01 CST 2026] ✅ Finalizó envío diario (departamentos)
[Tue Feb 17 17:30:01 CST 2026] 🟢 Tarea finalizada correctamente.
[Wed Feb 18 17:30:01 CST 2026] 🟡 Iniciando ejecución de envío de noticias (día 3)...
[Wed Feb 18 17:30:01 CST 2026] 🗓️ Día entre lunes y jueves → ejecutando sendDailyNews.js
[Wed Feb 18 17:30:01 CST 2026] ✅ Finalizó envío diario (departamentos)
[Wed Feb 18 17:30:01 CST 2026] 🟢 Tarea finalizada correctamente.
[Thu Feb 19 17:30:01 CST 2026] 🟡 Iniciando ejecución de envío de noticias (día 4)...
[Thu Feb 19 17:30:01 CST 2026] 🗓️ Día entre lunes y jueves → ejecutando sendDailyNews.js
[Thu Feb 19 17:30:01 CST 2026] ✅ Finalizó envío diario (departamentos)
[Thu Feb 19 17:30:01 CST 2026] 🟢 Tarea finalizada correctamente.
[Fri Feb 20 17:30:01 CST 2026] 🟡 Iniciando ejecución de envío de noticias (día 5)...
[Fri Feb 20 17:30:01 CST 2026] 🗓️ Viernes → ejecutando sendWeeklyNews.js
[Fri Feb 20 17:30:01 CST 2026] ✅ Finalizó envío semanal (temas)
[Fri Feb 20 17:30:01 CST 2026] 🟢 Tarea finalizada correctamente.
[Mon Feb 23 17:30:01 CST 2026] 🟡 Iniciando ejecución de envío de noticias (día 1)...
[Mon Feb 23 17:30:01 CST 2026] 🗓️ Día entre lunes y jueves → ejecutando sendDailyNews.js
[Mon Feb 23 17:30:01 CST 2026] ✅ Finalizó envío diario (departamentos)
[Mon Feb 23 17:30:01 CST 2026] 🟢 Tarea finalizada correctamente.
[Tue Feb 24 17:30:01 CST 2026] 🟡 Iniciando ejecución de envío de noticias (día 2)...
[Tue Feb 24 17:30:01 CST 2026] 🗓️ Día entre lunes y jueves → ejecutando sendDailyNews.js
[Tue Feb 24 17:30:01 CST 2026] ✅ Finalizó envío diario (departamentos)
[Tue Feb 24 17:30:01 CST 2026] 🟢 Tarea finalizada correctamente.
[Wed Feb 25 17:30:02 CST 2026] 🟡 Iniciando ejecución de envío de noticias (día 3)...
[Wed Feb 25 17:30:02 CST 2026] 🗓️ Día entre lunes y jueves → ejecutando sendDailyNews.js
[Wed Feb 25 17:30:02 CST 2026] ✅ Finalizó envío diario (departamentos)
[Wed Feb 25 17:30:02 CST 2026] 🟢 Tarea finalizada correctamente.
[Thu Feb 26 17:30:01 CST 2026] 🟡 Iniciando ejecución de envío de noticias (día 4)...
[Thu Feb 26 17:30:01 CST 2026] 🗓️ Día entre lunes y jueves → ejecutando sendDailyNews.js
[Thu Feb 26 17:30:01 CST 2026] ✅ Finalizó envío diario (departamentos)
[Thu Feb 26 17:30:01 CST 2026] 🟢 Tarea finalizada correctamente.
[Fri Feb 27 17:30:01 CST 2026] 🟡 Iniciando ejecución de envío de noticias (día 5)...
[Fri Feb 27 17:30:01 CST 2026] 🗓️ Viernes → ejecutando sendWeeklyNews.js
[Fri Feb 27 17:30:01 CST 2026] ✅ Finalizó envío semanal (temas)
[Fri Feb 27 17:30:01 CST 2026] 🟢 Tarea finalizada correctamente.
[Mon Mar  2 17:30:01 CST 2026] 🟡 Iniciando ejecución de envío de noticias (día 1)...
[Mon Mar  2 17:30:01 CST 2026] 🗓️ Día entre lunes y jueves → ejecutando sendDailyNews.js
[Mon Mar  2 17:30:01 CST 2026] ✅ Finalizó envío diario (departamentos)
[Mon Mar  2 17:30:01 CST 2026] 🟢 Tarea finalizada correctamente.
[Tue Mar  3 17:30:01 CST 2026] 🟡 Iniciando ejecución de envío de noticias (día 2)...
[Tue Mar  3 17:30:01 CST 2026] 🗓️ Día entre lunes y jueves → ejecutando sendDailyNews.js
[Tue Mar  3 17:30:01 CST 2026] ✅ Finalizó envío diario (departamentos)
[Tue Mar  3 17:30:01 CST 2026] 🟢 Tarea finalizada correctamente.
[Wed Mar  4 17:30:01 CST 2026] 🟡 Iniciando ejecución de envío de noticias (día 3)...
[Wed Mar  4 17:30:01 CST 2026] 🗓️ Día entre lunes y jueves → ejecutando sendDailyNews.js
[Wed Mar  4 17:30:01 CST 2026] ✅ Finalizó envío diario (departamentos)
[Wed Mar  4 17:30:01 CST 2026] 🟢 Tarea finalizada correctamente.
[Thu Mar  5 17:30:01 CST 2026] 🟡 Iniciando ejecución de envío de noticias (día 4)...
[Thu Mar  5 17:30:01 CST 2026] 🗓️ Día entre lunes y jueves → ejecutando sendDailyNews.js
[Thu Mar  5 17:30:01 CST 2026] ✅ Finalizó envío diario (departamentos)
[Thu Mar  5 17:30:01 CST 2026] 🟢 Tarea finalizada correctamente.
[Fri Mar  6 17:30:01 CST 2026] 🟡 Iniciando ejecución de envío de noticias (día 5)...
[Fri Mar  6 17:30:01 CST 2026] 🗓️ Viernes → ejecutando sendWeeklyNews.js
[Fri Mar  6 17:30:01 CST 2026] ✅ Finalizó envío semanal (temas)
[Fri Mar  6 17:30:01 CST 2026] 🟢 Tarea finalizada correctamente.
[Mon Mar  9 17:30:01 CST 2026] 🟡 Iniciando ejecución de envío de noticias (día 1)...
[Mon Mar  9 17:30:01 CST 2026] 🗓️ Día entre lunes y jueves → ejecutando sendDailyNews.js
[Mon Mar  9 17:30:01 CST 2026] ✅ Finalizó envío diario (departamentos)
[Mon Mar  9 17:30:01 CST 2026] 🟢 Tarea finalizada correctamente.
[Tue Mar 10 17:30:01 CST 2026] 🟡 Iniciando ejecución de envío de noticias (día 2)...
[Tue Mar 10 17:30:01 CST 2026] 🗓️ Día entre lunes y jueves → ejecutando sendDailyNews.js
[Tue Mar 10 17:30:01 CST 2026] ✅ Finalizó envío diario (departamentos)
[Tue Mar 10 17:30:01 CST 2026] 🟢 Tarea finalizada correctamente.
[Wed Mar 11 17:30:01 CST 2026] 🟡 Iniciando ejecución de envío de noticias (día 3)...
[Wed Mar 11 17:30:01 CST 2026] 🗓️ Día entre lunes y jueves → ejecutando sendDailyNews.js
[Wed Mar 11 17:30:01 CST 2026] ✅ Finalizó envío diario (departamentos)
[Wed Mar 11 17:30:01 CST 2026] 🟢 Tarea finalizada correctamente.
[Thu Mar 12 17:30:01 CST 2026] 🟡 Iniciando ejecución de envío de noticias (día 4)...
[Thu Mar 12 17:30:01 CST 2026] 🗓️ Día entre lunes y jueves → ejecutando sendDailyNews.js
[Thu Mar 12 17:30:01 CST 2026] ✅ Finalizó envío diario (departamentos)
[Thu Mar 12 17:30:01 CST 2026] 🟢 Tarea finalizada correctamente.
[Fri Mar 13 17:30:01 CST 2026] 🟡 Iniciando ejecución de envío de noticias (día 5)...
[Fri Mar 13 17:30:01 CST 2026] 🗓️ Viernes → ejecutando sendWeeklyNews.js
[Fri Mar 13 17:30:01 CST 2026] ✅ Finalizó envío semanal (temas)
[Fri Mar 13 17:30:01 CST 2026] 🟢 Tarea finalizada correctamente.
[Mon Mar 16 17:30:01 CST 2026] 🟡 Iniciando ejecución de envío de noticias (día 1)...
[Mon Mar 16 17:30:01 CST 2026] 🗓️ Día entre lunes y jueves → ejecutando sendDailyNews.js
[Mon Mar 16 17:30:01 CST 2026] ✅ Finalizó envío diario (departamentos)
[Mon Mar 16 17:30:01 CST 2026] 🟢 Tarea finalizada correctamente.
[Tue Mar 17 17:30:01 CST 2026] 🟡 Iniciando ejecución de envío de noticias (día 2)...
[Tue Mar 17 17:30:01 CST 2026] 🗓️ Día entre lunes y jueves → ejecutando sendDailyNews.js
[Tue Mar 17 17:30:01 CST 2026] ✅ Finalizó envío diario (departamentos)
[Tue Mar 17 17:30:01 CST 2026] 🟢 Tarea finalizada correctamente.
[Wed Mar 18 17:30:01 CST 2026] 🟡 Iniciando ejecución de envío de noticias (día 3)...
[Wed Mar 18 17:30:01 CST 2026] 🗓️ Día entre lunes y jueves → ejecutando sendDailyNews.js
[Wed Mar 18 17:30:01 CST 2026] ✅ Finalizó envío diario (departamentos)
[Wed Mar 18 17:30:01 CST 2026] 🟢 Tarea finalizada correctamente.
[Thu Mar 19 17:30:01 CST 2026] 🟡 Iniciando ejecución de envío de noticias (día 4)...
[Thu Mar 19 17:30:01 CST 2026] 🗓️ Día entre lunes y jueves → ejecutando sendDailyNews.js
[Thu Mar 19 17:30:01 CST 2026] ✅ Finalizó envío diario (departamentos)
[Thu Mar 19 17:30:01 CST 2026] 🟢 Tarea finalizada correctamente.
[Fri Mar 20 17:30:01 CST 2026] 🟡 Iniciando ejecución de envío de noticias (día 5)...
[Fri Mar 20 17:30:01 CST 2026] 🗓️ Viernes → ejecutando sendWeeklyNews.js
[Fri Mar 20 17:30:01 CST 2026] ✅ Finalizó envío semanal (temas)
[Fri Mar 20 17:30:01 CST 2026] 🟢 Tarea finalizada correctamente.
[Mon Mar 23 17:30:01 CST 2026] 🟡 Iniciando ejecución de envío de noticias (día 1)...
[Mon Mar 23 17:30:01 CST 2026] 🗓️ Día entre lunes y jueves → ejecutando sendDailyNews.js
[Mon Mar 23 17:30:01 CST 2026] ✅ Finalizó envío diario (departamentos)
[Mon Mar 23 17:30:01 CST 2026] 🟢 Tarea finalizada correctamente.
[Tue Mar 24 17:30:01 CST 2026] 🟡 Iniciando ejecución de envío de noticias (día 2)...
[Tue Mar 24 17:30:01 CST 2026] 🗓️ Día entre lunes y jueves → ejecutando sendDailyNews.js
[Tue Mar 24 17:30:01 CST 2026] ✅ Finalizó envío diario (departamentos)
[Tue Mar 24 17:30:01 CST 2026] 🟢 Tarea finalizada correctamente.
[Wed Mar 25 17:30:01 CST 2026] 🟡 Iniciando ejecución de envío de noticias (día 3)...
[Wed Mar 25 17:30:01 CST 2026] 🗓️ Día entre lunes y jueves → ejecutando sendDailyNews.js
[Wed Mar 25 17:30:01 CST 2026] ✅ Finalizó envío diario (departamentos)
[Wed Mar 25 17:30:01 CST 2026] 🟢 Tarea finalizada correctamente.
[Thu Mar 26 17:30:01 CST 2026] 🟡 Iniciando ejecución de envío de noticias (día 4)...
[Thu Mar 26 17:30:01 CST 2026] 🗓️ Día entre lunes y jueves → ejecutando sendDailyNews.js
[Thu Mar 26 17:30:01 CST 2026] ✅ Finalizó envío diario (departamentos)
[Thu Mar 26 17:30:01 CST 2026] 🟢 Tarea finalizada correctamente.
[Fri Mar 27 17:30:02 CST 2026] 🟡 Iniciando ejecución de envío de noticias (día 5)...
[Fri Mar 27 17:30:02 CST 2026] 🗓️ Viernes → ejecutando sendWeeklyNews.js
[Fri Mar 27 17:30:02 CST 2026] ✅ Finalizó envío semanal (temas)
[Fri Mar 27 17:30:02 CST 2026] 🟢 Tarea finalizada correctamente.
[Mon Mar 30 17:30:01 CST 2026] 🟡 Iniciando ejecución de envío de noticias (día 1)...
[Mon Mar 30 17:30:01 CST 2026] 🗓️ Día entre lunes y jueves → ejecutando sendDailyNews.js
[Mon Mar 30 17:30:01 CST 2026] ✅ Finalizó envío diario (departamentos)
[Mon Mar 30 17:30:01 CST 2026] 🟢 Tarea finalizada correctamente.
